{"level":"fatal","message":"loggerTest fatal"}
{"level":"error","message":"loggerTest error"}
{"level":"warning","message":"loggerTest warning"}
{"level":"info","message":"loggerTest info"}
{"level":"fatal","message":"loggerTest fatal"}
{"level":"error","message":"loggerTest error"}
{"level":"warning","message":"loggerTest warning"}
{"level":"info","message":"loggerTest info"}
{"level":"fatal","message":"loggerTest fatal"}
{"level":"error","message":"loggerTest error"}
{"level":"warning","message":"loggerTest warning"}
{"level":"info","message":"loggerTest info"}
{"level":"fatal","message":"loggerTest fatal"}
{"level":"error","message":"loggerTest error"}
{"level":"warning","message":"loggerTest warning"}
{"level":"info","message":"loggerTest info"}
{"level":"fatal","message":"loggerTest fatal"}
{"level":"error","message":"loggerTest error"}
{"level":"warning","message":"loggerTest warning"}
{"level":"info","message":"loggerTest info"}
{"level":"fatal","message":"loggerTest fatal"}
{"level":"error","message":"loggerTest error"}
{"level":"warning","message":"loggerTest warning"}
{"level":"info","message":"loggerTest info"}
{"level":"error","message":"res.json is not a function"}
{"level":"fatal","message":"loggerTest fatal"}
{"level":"error","message":"loggerTest error"}
{"level":"warning","message":"loggerTest warning"}
{"level":"info","message":"loggerTest info"}
{"level":"error","message":"res.json is not a function"}
{"level":"fatal","message":"loggerTest fatal"}
{"level":"error","message":"loggerTest error"}
{"level":"warning","message":"loggerTest warning"}
{"level":"info","message":"loggerTest info"}
{"level":"error","message":"res.json is not a function"}
{"level":"fatal","message":"loggerTest fatal"}
{"level":"error","message":"loggerTest error"}
{"level":"warning","message":"loggerTest warning"}
{"level":"info","message":"loggerTest info"}
{"level":"fatal","message":"loggerTest fatal"}
{"level":"error","message":"loggerTest error"}
{"level":"warning","message":"loggerTest warning"}
{"level":"info","message":"loggerTest info"}
{"level":"fatal","message":"loggerTest fatal"}
{"level":"error","message":"loggerTest error"}
{"level":"warning","message":"loggerTest warning"}
{"level":"info","message":"loggerTest info"}
{"level":"error","message":"res.json is not a function"}
{"level":"fatal","message":"loggerTest fatal"}
{"level":"error","message":"loggerTest error"}
{"level":"warning","message":"loggerTest warning"}
{"level":"info","message":"loggerTest info"}
